version https://git-lfs.github.com/spec/v1
oid sha256:fda09907a32d1c704f72928232b44a8a2c51c5b59492b6f4ae7a6dd21a14135c
size 7667
